✔ [2230/2287] Built FloatLib.Numerics.Operation.Proof.Total (603ms)
✔ [2231/2287] Built FloatLib.Numerics.Operation.Proof.Finite (603ms)
✔ [2232/2287] Built FloatLib.Numerics.Operation.Proof.Quantizer (601ms)
✔ [2249/2289] Built FloatLib.Numerics.Operation.Entropy (526ms)
✔ [2250/2289] Built FloatLib.Numerics.Operation.Status (525ms)
✔ [2254/2321] Built FloatLib.Numerics.Operation.Proof.Checked (759ms)
✔ [2293/2380] Built FloatLib.Numerics.Automation.Attributes (1.0s)
✔ [2301/2421] Built FloatLib.Numerics.Operation.Proof (433ms)
✔ [2302/2437] Built FloatLib.Numerics.Quantization.Saturating (956ms)
✔ [2303/2452] Built FloatLib.Floats.Formats.BinaryInterchange.Descriptor.Plan.Estimates (523ms)
✔ [2304/2452] Built FloatLib.Floats.ExecFloat.Backends.WideLimb.Round.Runtime (435ms)
✔ [2305/2456] Built FloatLib.Floats.ExecFloat.Backends.Selection.Policy (620ms)
✔ [2306/2456] Built FloatLib.Numerics.IEEEClass (531ms)
✔ [2307/2456] Built FloatLib.Numerics.Reduction (407ms)
✔ [2308/2474] Built FloatLib.Numerics.Operation (652ms)
✔ [2309/2495] Built FloatLib.Floats.Formats.Flocq.Theory.NumericalSystem (2.0s)
✔ [2310/2495] Built FloatLib.Numerics.IEEEComparison (959ms)
✔ [2313/2508] Built FloatLib.Floats.Formats.Flocq.Theory.Error.Bounds (2.1s)
✔ [2314/2508] Built FloatLib.Numerics.IEEEStatus.Proof (1.0s)
✔ [2320/2508] Built FloatLib.Floats.Formats.Flocq.Theory.Analysis.Ulp (2.6s)
✔ [2321/2508] Built FloatLib.Floats.Formats.Flocq.Theory.Analysis.Sterbenz (2.6s)
✔ [2322/2508] Built FloatLib.Floats.Formats.Flocq.Theory.Error.Exactness (2.5s)
✔ [2323/2508] Built FloatLib.Floats.Formats.Flocq.Theory.Rounding.Away (2.3s)
✔ [2324/2508] Built FloatLib.Floats.Formats.Flocq.Theory.Rounding.Double (2.3s)
✔ [2325/2508] Built FloatLib.Floats.Formats.Flocq.Theory.Scalar.NF (2.3s)
✔ [2326/2508] Built FloatLib.Floats.Formats.Flocq.Calculation.Arithmetic (2.2s)
✔ [2327/2508] Built FloatLib.Floats.Formats.Flocq.GenericFormat (2.3s)
✔ [2328/2508] Built FloatLib.Floats.ExecFloat.Backends.Selection.Scoring (1.0s)
✔ [2329/2508] Built FloatLib.Floats.Formats.BinaryInterchange.Operations.Classification.Runtime (1.0s)
✔ [2330/2508] Built FloatLib.Floats.Formats.BinaryInterchange.Operations.TotalOrder.Runtime (1.5s)
✔ [2331/2508] Built FloatLib.Numerics.Exact.RadixText.Runtime (1.4s)
✔ [2332/2508] Built FloatLib.Numerics.Enclosure.Interval.Basic (1.2s)
✔ [2333/2508] Built FloatLib.Floats.ExecFloat.Comparison (608ms)
✔ [2334/2508] Built FloatLib.Numerics.Exact.RadixText.Precision (1.4s)
✔ [2335/2508] Built FloatLib.Numerics.Quantization.Affine (1.7s)
✔ [2336/2508] Built FloatLib.Floats.Formats.BinaryInterchange.Operations.Compare.Runtime (1.9s)
✔ [2337/2508] Built FloatLib.Floats.ExecFloat.Backends.Selection.Certified (502ms)
✔ [2338/2508] Built FloatLib.Numerics.Exact.Dyadic.Format (1.7s)
✔ [2339/2508] Built FloatLib.Floats.Formats.BinaryInterchange.Descriptor.Plan.Routes (2.0s)
✔ [2340/2508] Built FloatLib.Floats.ExecFloat.Backends.WideLimb.Finite.Proof (2.4s)
✔ [2341/2508] Built FloatLib.Floats.Formats.BinaryInterchange.Analysis.DyadicOrder (2.4s)
✔ [2342/2508] Built FloatLib.Numerics.Reduction.Tree (1.4s)
✔ [2343/2508] Built FloatLib.Floats.ExecFloat.Core.Capability (778ms)
✔ [2344/2508] Built FloatLib.Floats.Formats.BinaryInterchange.Configured.Value.CoreProof (2.8s)
✔ [2345/2508] Built FloatLib.Floats.Formats.BinaryInterchange.Configured.ByteTable.Runtime (3.1s)
✔ [2346/2508] Built FloatLib.Floats.Formats.BinaryInterchange.DirectedSemantics.Dyadic.Core.Runtime (2.7s)
✔ [2347/2508] Built FloatLib.Floats.Formats.BinaryInterchange.Model.SignedERealSemantics (2.7s)
✔ [2348/2508] Built FloatLib.Floats.Interval.ERealCoercions (2.0s)
✔ [2349/2508] Built FloatLib.Numerics.Automation.Numerics (2.2s)
✔ [2350/2508] Built FloatLib.Floats.Formats.BinaryInterchange.DirectedSemantics.Dyadic.Packing (2.0s)
✔ [2351/2508] Built FloatLib.Floats.Formats.BinaryInterchange.DirectedSemantics.Rational.Packing.Internal (2.0s)
✔ [2352/2508] Built FloatLib.Floats.Formats.BinaryInterchange.DirectedSemantics.Rational.Packing.Grid (3.3s)
✔ [2353/2508] Built FloatLib.Floats.Formats.Flocq.Theory.Rounding.Odd (4.3s)
✔ [2354/2508] Built FloatLib.Numerics.Exact.DecimalText.Runtime (1.0s)
✔ [2355/2508] Built FloatLib.Numerics.Exact.RadixText.ScannerProof (1.0s)
✔ [2356/2508] Built FloatLib.Floats.Formats.BinaryInterchange.Interval.Core (1.7s)
✔ [2357/2508] Built FloatLib.Floats.Formats.BinaryInterchange.Configured.Core.Runtime (4.0s)
✔ [2358/2508] Built FloatLib.Floats.ExecFloat.Backends.WideLimb.Addition.Runtime (3.5s)
✔ [2359/2508] Built FloatLib.Floats.ExecFloat.Backends.WideLimb.Multiplication.Runtime (3.5s)
✔ [2360/2508] Built FloatLib.Floats.Formats.BinaryInterchange.DirectedSemantics.Positive (3.7s)
✔ [2361/2508] Built FloatLib.Floats.Formats.BinaryInterchange.Arithmetic.Constants (3.5s)
✔ [2362/2508] Built FloatLib.Floats.Formats.BinaryInterchange.Operations.Adjacent.Proof.Core (3.9s)
✔ [2363/2508] Built FloatLib.Numerics.Exact.RadixText.PrecisionProof (2.5s)
✔ [2364/2508] Built FloatLib.Numerics.Quantization.Affine.Real (2.2s)
✔ [2365/2508] Built FloatLib.Floats.Formats.Flocq.Theory.Error.Relative (3.3s)
✔ [2366/2508] Built FloatLib.Floats.Formats.Flocq.Theory.Arithmetic (3.4s)
✔ [2367/2508] Built FloatLib.Floats.ExecFloat.Backends.WideLimb.Round.Proof (4.0s)
✔ [2368/2508] Built FloatLib.Floats.Formats.Flocq.Theory.Analysis.StandardUlp (3.0s)
✔ [2369/2508] Built FloatLib.Floats.Formats.BinaryInterchange.Operations.TotalOrder.ExactValue (3.0s)
✔ [2370/2508] Built FloatLib.Floats.Formats.BinaryInterchange.Configured.Classification.Runtime (3.1s)
✔ [2371/2508] Built FloatLib.Floats.Formats.Flocq.Theory.Error.Addition (3.2s)
✔ [2372/2508] Built FloatLib.Floats.Formats.BinaryInterchange.Operations.Compare.Predicates.Runtime (2.9s)
✔ [2373/2508] Built FloatLib.Floats.ExecFloat.Core.Operations (2.0s)
✔ [2374/2508] Built FloatLib.Floats.Formats.Flocq.Theory.Scalar.Representable (3.4s)
✔ [2375/2508] Built FloatLib.Floats.Formats.BinaryInterchange.Operations.Classification.Predicates (3.4s)
✔ [2376/2508] Built FloatLib.Floats.Formats.BinaryInterchange.Configured.TotalOrder.Runtime (3.4s)
✔ [2377/2508] Built FloatLib.Numerics.Exact.DecimalText.Special (1.4s)
✔ [2378/2508] Built FloatLib.Floats.Formats.Flocq.Theory.Analysis.Neighbors (3.6s)
✔ [2379/2508] Built FloatLib.Floats.Formats.BinaryInterchange.Configured.ByteTable.Proof (2.3s)
✔ [2380/2508] Built FloatLib.Floats.Formats.BinaryInterchange.Configured.Plan.Estimates (2.8s)
✔ [2381/2508] Built FloatLib.Numerics.Exact.HexText.Runtime (1.6s)
✔ [2382/2508] Built FloatLib.Numerics.Exact.DecimalText.Precision (1.6s)
✔ [2383/2508] Built FloatLib.Numerics.Exact.DecimalText.Proof (1.6s)
✔ [2384/2508] Built FloatLib.Numerics.Reduction.Error (2.8s)
✔ [2385/2508] Built FloatLib.Numerics.Exact.DecimalText.Notation (1.7s)
✔ [2386/2508] Built FloatLib.Floats.ExecFloat.Dispatch (623ms)
✔ [2387/2508] Built FloatLib.Floats.ExecFloat.Spec.Arithmetic (677ms)
✔ [2388/2508] Built FloatLib.Floats.Formats.Flocq.Theory.Special.FTZ (3.0s)
✔ [2389/2508] Built FloatLib.Floats.Formats.BinaryInterchange.Configured.Rounding.Proof (2.8s)
✔ [2390/2508] Built FloatLib.Floats.Formats.BinaryInterchange.Interval.Arithmetic (2.1s)
✔ [2391/2508] Built FloatLib.Floats.Formats.BinaryInterchange.IntervalSemantics.Core (2.1s)
✔ [2392/2508] Built FloatLib.Floats.Formats.BinaryInterchange.Operations.Compare.Proof (3.5s)
✔ [2393/2508] Built FloatLib.Floats.Formats.BinaryInterchange.Configured.Core.Proof (2.1s)
✔ [2394/2508] Built FloatLib.Floats.Formats.BinaryInterchange.Operations.Runtime (4.1s)
✔ [2395/2508] Built FloatLib.Floats.ExecFloat.Instances (519ms)
✔ [2396/2508] Built FloatLib.Floats.Formats.Flocq.Theory.Automation (1.8s)
✔ [2397/2508] Built FloatLib.Floats.Formats.BinaryInterchange.Operations.Adjacent.Proof.Boundaries (2.1s)
✔ [2398/2508] Built FloatLib.Floats.Formats.BinaryInterchange.DirectedSemantics.Signed (2.2s)
✔ [2399/2508] Built FloatLib.Floats.ExecFloat.Proof.Arithmetic (570ms)
✔ [2400/2508] Built FloatLib.Floats.ExecFloat.Backends.WideLimb.Fma.Runtime (2.4s)
✔ [2401/2508] Built FloatLib.Floats.Formats.BinaryInterchange.Reduction.Runtime (5.4s)
✔ [2402/2508] Built FloatLib.Floats.Formats.Flocq.Theory.Error.Directed (2.1s)
✔ [2403/2508] Built FloatLib.Floats.Formats.BinaryInterchange.Status.Proof (4.0s)
✔ [2404/2508] Built FloatLib.Floats.Formats.Flocq.Theory.Rounding.Affine (2.4s)
✔ [2405/2508] Built FloatLib.Floats.ExecFloat.Backends.WideLimb.Multiplication.Proof (2.2s)
✔ [2406/2508] Built FloatLib.Numerics.Exact.DecimalText.PrecisionProof (1.4s)
✔ [2407/2508] Built FloatLib.Floats.Formats.BinaryInterchange.Conversion.Text.Formatting (1.5s)
✔ [2408/2508] Built FloatLib.Floats.Formats.BinaryInterchange.Configured.Comparison.Runtime (2.1s)
✔ [2409/2508] Built FloatLib.Floats.Formats.BinaryInterchange.Operations.TotalOrder.Encoding (2.2s)
✔ [2410/2508] Built FloatLib.Numerics.Exact.HexText.Proof (1.5s)
✔ [2411/2508] Built FloatLib.Floats.Formats.BinaryInterchange.Operations.Classification.Semantics (1.0s)
✔ [2412/2508] Built FloatLib.Floats.Formats.BinaryInterchange.Rounding.Accuracy.Model (6.7s)
✔ [2413/2508] Built FloatLib.Floats.Formats.BinaryInterchange.Conversion.Text.Parsing (2.2s)
✔ [2414/2508] Built FloatLib.Floats.Formats.BinaryInterchange.Interval.Activations (1.6s)
✔ [2415/2508] Built FloatLib.Numerics.Exact.DecimalText.NotationProof (2.1s)
✔ [2416/2508] Built FloatLib.Floats.Formats.BinaryInterchange.IntervalSemantics.MinMax (1.6s)
✔ [2417/2508] Built FloatLib.Floats.Formats.BinaryInterchange.Operations.Compare.Predicates.Proof (1.7s)
✔ [2418/2508] Built FloatLib.Floats.Formats.BinaryInterchange.DirectedSemantics.Finite (1.8s)
✔ [2419/2508] Built FloatLib.Floats.Formats.BinaryInterchange.Operations.Proof.InvalidSignals (1.7s)
✔ [2420/2508] Built FloatLib.Floats.Formats.BinaryInterchange.IntervalSemantics.Order (1.8s)
✔ [2421/2508] Built FloatLib.Floats.ExecFloat.Backends.WideLimb.Addition.Proof (3.4s)
✔ [2422/2508] Built FloatLib.Floats.Formats.BinaryInterchange.Operations.Proof.Exponent (1.9s)
✔ [2423/2508] Built FloatLib.Floats.Formats.BinaryInterchange.Conversion.Text.DecimalFormatting (1.3s)
✔ [2424/2508] Built FloatLib.Floats.Formats.BinaryInterchange.Status (1.7s)
✔ [2425/2508] Built FloatLib.Floats.Formats.BinaryInterchange.Configured.Operations.Runtime (2.1s)
✔ [2426/2508] Built FloatLib.Floats.Formats.BinaryInterchange.Configured.Reduction.Runtime (1.8s)
✔ [2427/2508] Built FloatLib.Floats.Formats.BinaryInterchange.Conversion.Text.PrecisionProof (1.4s)
✔ [2428/2508] Built FloatLib.Floats.Formats.Flocq.Theory.Error.Multiplication (1.0s)
✔ [2429/2508] Built FloatLib.Floats.Formats.BinaryInterchange.DirectedSemantics.Dyadic.Core.Proof (2.3s)
✔ [2430/2508] Built FloatLib.Floats.Formats.BinaryInterchange.Operations.TotalOrder.Sign (1.7s)
✔ [2431/2508] Built FloatLib.Floats.Formats.BinaryInterchange.Operations.TotalOrder.Semantics (1.8s)
✔ [2432/2508] Built FloatLib.Floats.Formats.BinaryInterchange.Configured.Plan.Candidates (3.0s)
✔ [2433/2508] Built FloatLib.Floats.Formats.BinaryInterchange.Rounding.Accuracy.Proof (2.1s)
✔ [2434/2508] Built FloatLib.Floats.Formats.BinaryInterchange.Configured.Comparison.Proof (1.6s)
✔ [2435/2508] Built FloatLib.Floats.Formats.BinaryInterchange.Conversion.Text.BoundedParsing (1.0s)
✔ [2436/2508] Built FloatLib.Floats.Formats.BinaryInterchange.Configured.Interval.Runtime (2.0s)
✔ [2437/2508] Built FloatLib.Floats.ExecFloat.Backends.WideLimb.Fma.Proof (1.6s)
✔ [2438/2508] Built FloatLib.Floats.Formats.BinaryInterchange.Configured.Formatting (1.6s)
✔ [2439/2508] Built FloatLib.Floats.Formats.BinaryInterchange.Conversion.Text.DecimalFormattingProof (1.4s)
✔ [2440/2508] Built FloatLib.Floats.Formats.Flocq.Theory.Error.DivisionSqrt (3.3s)
✔ [2441/2508] Built FloatLib.Floats.Formats.BinaryInterchange.DirectedSemantics.Internal (1.4s)
✔ [2442/2508] Built FloatLib.Floats.Formats.Flocq.Theory.Analysis.SterbenzFLT (1.6s)
✔ [2443/2508] Built FloatLib.Floats.Formats.BinaryInterchange.Configured.Reduction.Proof (1.8s)
✔ [2444/2508] Built FloatLib.Floats.Formats.BinaryInterchange.Operations.Classification.Classes (5.1s)
✔ [2445/2508] Built FloatLib.Floats.Formats.BinaryInterchange.Operations.TotalOrder.Magnitude (1.5s)
✔ [2446/2508] Built FloatLib.Floats.Formats.BinaryInterchange.Operations.MixedPrecision.Accumulation (10s)
✔ [2447/2508] Built FloatLib.Floats.Formats.BinaryInterchange.Configured.Parsing (1.4s)
✔ [2448/2508] Built FloatLib.Floats.Formats.Flocq.Theory (1.3s)
✔ [2449/2508] Built FloatLib.Floats.Formats.BinaryInterchange.Operations.TotalOrder.Proof (1.3s)
✔ [2450/2508] Built FloatLib.Floats.Formats.BinaryInterchange.Operations.Classification.Proof (1.5s)
✔ [2451/2508] Built FloatLib.Floats.Formats.BinaryInterchange.DirectedSemantics.Rational.Packing.Branches (1.7s)
✔ [2452/2508] Built FloatLib.Floats.Formats.BinaryInterchange.DirectedSemantics.PositiveBounds (1.7s)
✔ [2453/2508] Built FloatLib.Floats.Formats.BinaryInterchange.Configured.Plan.WideLimbCandidates (2.3s)
✔ [2454/2508] Built FloatLib.Floats.Formats.BinaryInterchange.Arithmetic.SqrtSemantics (3.1s)
✔ [2455/2508] Built FloatLib.Floats.Formats.BinaryInterchange.Operations.MixedPrecision.Matmul (1.5s)
✔ [2456/2508] Built FloatLib.Floats.Formats.Flocq (1.3s)
✔ [2457/2508] Built FloatLib.Floats.Formats.BinaryInterchange.Configured.TotalOrder.Proof (1.7s)
✔ [2458/2508] Built FloatLib.Floats.Formats.BinaryInterchange.DirectedSemantics.Rational.Packing.Upward (1.7s)
✔ [2459/2508] Built FloatLib.Numerics.Enclosure.Interval.Bounds (11s)
✔ [2460/2508] Built FloatLib.Floats.Formats.BinaryInterchange.Configured.Classification.Proof (1.8s)
✔ [2461/2508] Built FloatLib.Floats.Formats.BinaryInterchange.DirectedSemantics.Rational.Packing.Downward (1.8s)
✔ [2462/2508] Built FloatLib.Floats.Formats.BinaryInterchange.DirectedSemantics.Bounds (1.7s)
✔ [2463/2508] Built NN.Floats.FP32.Core (1.5s)
✔ [2464/2508] Built FloatLib.Floats.Interval.RealBounds (1.1s)
✔ [2465/2508] Built FloatLib.Numerics.Enclosure.Interval.Runtime (1.1s)
✔ [2466/2508] Built FloatLib.Floats.Formats.BinaryInterchange.Configured.Plan.Automatic (2.8s)
✔ [2467/2508] Built FloatLib.Floats.Formats.BinaryInterchange.DirectedSemantics.Multiplication (1.5s)
✔ [2468/2508] Built FloatLib.Floats.Formats.BinaryInterchange.DirectedSemantics.Rational.Bounds (1.6s)
✔ [2469/2508] Built FloatLib.Floats.Formats.BinaryInterchange.DirectedSemantics.Addition (1.7s)
✔ [2470/2508] Built FloatLib.Floats.Formats.BinaryInterchange.DirectedSemantics.Rational.RoundingSemantics.Quotient (1.9s)
✔ [2471/2508] Built FloatLib.Floats.Formats.BinaryInterchange.DirectedSemantics.FiniteBounds (1.9s)
✔ [2472/2508] Built FloatLib.Floats.Formats.BinaryInterchange.DirectedSemantics.SquareRoot (2.0s)
✔ [2473/2508] Built FloatLib.Floats.Formats.BinaryInterchange.DirectedSemantics.Exact (2.2s)
✔ [2474/2508] Built FloatLib.Floats.Formats.BinaryInterchange.Configured.Interval.Outward (1.4s)
✔ [2475/2508] Built FloatLib.Floats.Formats.BinaryInterchange.Configured.Plan.FirstOrder (1.8s)
✔ [2476/2508] Built FloatLib.Floats.Formats.BinaryInterchange.DirectedSemantics.Division (1.4s)
✔ [2477/2508] Built FloatLib.Floats.Formats.BinaryInterchange.DirectedSemantics.Rational.Conversion (1.5s)
✔ [2478/2508] Built FloatLib.Floats.Formats.BinaryInterchange.Configured.Plan.NativeCandidates (7.3s)
✔ [2479/2508] Built FloatLib.Floats.Formats.BinaryInterchange.DirectedSemantics.NonNaN (1.5s)
✔ [2480/2508] Built FloatLib.Floats.Formats.BinaryInterchange.DirectedSemantics.Subtraction (1.5s)
✔ [2481/2508] Built FloatLib.Floats.Formats.BinaryInterchange.IntervalSemantics.Finite (1.5s)
✔ [2482/2508] Built FloatLib.Floats.Formats.BinaryInterchange.Conversion.Text.Representation (1.7s)
✔ [2483/2508] Built FloatLib.Floats.Formats.BinaryInterchange.Operations.Proof.Remainder (2.0s)
✔ [2484/2508] Built FloatLib.Floats.Formats.BinaryInterchange.DirectedSemantics.Rational.RoundingSemantics.Branches (2.6s)
✔ [2485/2508] Built FloatLib.Floats.Formats.BinaryInterchange.Operations.Proof.RoundToIntegral (2.2s)
✔ [2486/2508] Built FloatLib.Floats.Formats.BinaryInterchange.Configured.Plan.Instances (1.6s)
✔ [2487/2508] Built FloatLib.Floats.Formats.BinaryInterchange.Configured.Instances (1.6s)
✔ [2488/2508] Built FloatLib.Floats.Formats.BinaryInterchange.Configured.NativeDispatch (1.8s)
✔ [2489/2508] Built FloatLib.Floats.Formats.BinaryInterchange.IntervalSemantics.Arithmetic (1.8s)
✔ [2490/2508] Built FloatLib.Floats.Formats.BinaryInterchange.IntervalSemantics.Activations (1.5s)
✔ [2491/2508] Built FloatLib.Floats.Formats.BinaryInterchange.DirectedSemantics.Rational.RoundingSemantics.RoundedReal (2.6s)
✔ [2492/2508] Built FloatLib.Floats.Formats.BinaryInterchange.IntervalSemantics (1.3s)
✔ [2493/2508] Built FloatLib.Floats.Formats.BinaryInterchange.DirectedSemantics.Rational.RoundingSemantics.Executable (1.5s)
✔ [2494/2508] Built FloatLib.Floats.Formats.BinaryInterchange.Configured.Interval.Proof (1.0s)
✔ [2495/2508] Built FloatLib.Floats.Formats.BinaryInterchange.Arithmetic.DivisionSemantics (1.5s)
✔ [2496/2508] Built FloatLib.Floats.Formats.BinaryInterchange.Conversion.Text.Roundtrip (1.7s)
✔ [2497/2508] Built FloatLib.Floats.Formats.BinaryInterchange.Configured.Interval.Finite (1.6s)
✔ [2498/2508] Built FloatLib.Floats.Formats.BinaryInterchange.Analysis.Error (1.5s)
✔ [2499/2508] Built FloatLib.Floats.Formats.BinaryInterchange.Configured.Interval (1.2s)
✔ [2500/2508] Built FloatLib.Floats.Formats.BinaryInterchange.Reduction.Tree (1.6s)
✔ [2501/2508] Built FloatLib.Floats.Formats.BinaryInterchange.Configured.Reduction.Tree (1.5s)
✔ [2502/2508] Built FloatLib.Floats.Formats.BinaryInterchange.Operations.MixedPrecision.Proof (3.6s)
✔ [2503/2508] Built FloatLib.Floats.Formats.BinaryInterchange.Configured.Reduction (1.3s)
✔ [2504/2508] Built FloatLib.Floats.Formats.BinaryInterchange.Operations.MixedPrecision.MatmulProof (1.8s)
✔ [2505/2508] Built FloatLib.Floats.Formats.BinaryInterchange.Operations.Proof (1.3s)
✔ [2506/2508] Built FloatLib.Floats.Formats.BinaryInterchange.Configured.Operations.Proof (1.6s)
✔ [2507/2508] Built FloatLib.Floats.Formats.BinaryInterchange.Configured (1.3s)
✔ [2508/2508] Built NN.Floats.IEEEExec.Bridge.Finite (1.8s)
Build completed successfully (2508 jobs).
