'Ptx.Scalar.SignedMinMax32.Eval' depends on axioms: [propext]
'Ptx.Scalar.SignedMinMax32.Instr' does not depend on any axioms
'Ptx.Scalar.SignedMinMax32.Occurrence' depends on axioms: [propext]
'Ptx.Scalar.SignedMinMax32.Operation' does not depend on any axioms
'Ptx.Scalar.SignedMinMax32.Step' depends on axioms: [propext]
'Ptx.Scalar.SignedMinMax32.SupportedTarget' does not depend on any axioms
'Ptx.Scalar.SignedMinMax32.Text.decode' depends on axioms: [propext]
'Ptx.Scalar.SignedMinMax32.Text.decode_encode' depends on axioms: [propext]
'Ptx.Scalar.SignedMinMax32.Text.decode_iff' depends on axioms: [propext]
'Ptx.Scalar.SignedMinMax32.Text.encode' does not depend on any axioms
'Ptx.Scalar.SignedMinMax32.Text.mnemonic' does not depend on any axioms
'Ptx.Scalar.SignedMinMax32.Text.supportedMnemonic' does not depend on any axioms
'Ptx.Scalar.SignedMinMax32.compute' does not depend on any axioms
'Ptx.Scalar.SignedMinMax32.compute_max' does not depend on any axioms
'Ptx.Scalar.SignedMinMax32.compute_min' does not depend on any axioms
'Ptx.Scalar.SignedMinMax32.compute_toInt' depends on axioms: [propext, Quot.sound]
'Ptx.Scalar.SignedMinMax32.eval_destination' depends on axioms: [propext]
'Ptx.Scalar.SignedMinMax32.eval_deterministic' depends on axioms: [propext]
'Ptx.Scalar.SignedMinMax32.eval_event' depends on axioms: [propext]
'Ptx.Scalar.SignedMinMax32.eval_exists' depends on axioms: [propext]
'Ptx.Scalar.SignedMinMax32.eval_false_iff' depends on axioms: [propext]
'Ptx.Scalar.SignedMinMax32.eval_frame' depends on axioms: [propext]
'Ptx.Scalar.SignedMinMax32.eval_other' depends on axioms: [propext]
'Ptx.Scalar.SignedMinMax32.eval_true_iff' depends on axioms: [propext]
'Ptx.Scalar.SignedMinMax32.family' depends on axioms: [propext]
'Ptx.Scalar.SignedMinMax32.lower' depends on axioms: [propext]
'Ptx.Scalar.SignedMinMax32.lower_fields' depends on axioms: [propext]
'Ptx.Scalar.SignedMinMax32.lower_operation' depends on axioms: [propext]
'Ptx.Scalar.SignedMinMax32.occurrence' depends on axioms: [propext]
'Ptx.Scalar.SignedMinMax32.result' does not depend on any axioms
'Ptx.Scalar.SignedMinMax32.results_iff' depends on axioms: [propext]
'Ptx.Scalar.SignedMinMax32.step_exists' depends on axioms: [propext]
'Ptx.Scalar.SignedMinMax32.step_no_fetch' depends on axioms: [propext]
'Ptx.Scalar.SignedMinMax32.step_origin' depends on axioms: [propext]
'Ptx.Scalar.SignedMinMax32.step_unsupported_target' depends on axioms: [propext]
