✔ [2/38] Built Ptx.Language (758ms)
✔ [3/38] Built Ptx.Barrier (917ms)
✔ [4/38] Built Ptx.Memory (574ms)
✔ [5/38] Built Ptx.Reachability (419ms)
✔ [6/38] Built Ptx.Publication (402ms)
✔ [7/38] Built Ptx.Program (546ms)
✔ [8/38] Built Ptx.CollectiveOrder (500ms)
✔ [9/38] Built Ptx.OrderedMemory (476ms)
✔ [10/38] Built Ptx.Checker (582ms)
✔ [11/38] Built Ptx.Scalar (1.7s)
✔ [12/38] Built Ptx.CollectiveMemory (401ms)
✔ [13/38] Built Ptx.ScalarRules (623ms)
✔ [14/38] Built Ptx.ScalarKernels (695ms)
✔ [15/38] Built Ptx.Environment (2.8s)
✔ [16/38] Built Ptx.ScalarEnvironment (579ms)
✔ [17/38] Built Ptx.MessagePassing (2.3s)
✔ [18/38] Built Ptx.ScopedMemory (653ms)
✔ [19/38] Built Ptx.ByteMemory (1.4s)
✔ [20/38] Built Ptx.OrderedMemoryExamples (3.8s)
✔ [21/38] Built Ptx.ScopedExamples (2.3s)
✔ [22/38] Built Ptx.ByteExamples (851ms)
✔ [23/38] Built Ptx.Litmus (5.8s)
✔ [24/38] Built Ptx.ScalarMemoryWitness (5.7s)
✔ [25/38] Built Ptx.MessagePassingOutcomes (6.9s)
✔ [26/38] Built Ptx.CheckerExamples (573ms)
⚠ [27/38] Built Ptx.SharedVector (6.3s)
warning: Ptx/SharedVector.lean:240:15: `if_neg` has been deprecated: Use `ite_eq_right` instead
warning: Ptx/SharedVector.lean:383:25: `if_neg` has been deprecated: Use `ite_eq_right` instead
warning: Ptx/SharedVector.lean:407:10: `if_neg` has been deprecated: Use `ite_eq_right` instead
✔ [28/38] Built Ptx.SharedVectorExamples (472ms)
✔ [29/38] Built Ptx.ScalarText (18s)
✔ [30/38] Built Ptx.IntegerMinMax (728ms)
✔ [31/38] Built Ptx.ScalarExamples (834ms)
✔ [32/38] Built Ptx.IntegerBitCount (866ms)
✔ [33/38] Built Ptx.ComputedPublicationMachine (973ms)
✔ [34/38] Built Ptx.ComputedPublication (942ms)
✔ [35/38] Built Ptx.SharedVectorMemory (16s)
✔ [36/38] Built Ptx.ComputedPublicationWitness (14s)
✔ [37/38] Built Ptx (342ms)
Build completed successfully (38 jobs).
