✔ [22/38] Built Ptx.Scalar (1.9s)
✔ [23/38] Built Ptx.ScalarEnvironment (554ms)
✔ [24/38] Built Ptx.ScalarKernels (653ms)
✔ [25/38] Built Ptx.ScalarRules (616ms)
✔ [26/38] Built Ptx.ScalarMemoryWitness (5.5s)
⚠ [27/38] Built Ptx.SharedVector (6.2s)
warning: Ptx/SharedVector.lean:240:15: `if_neg` has been deprecated: Use `ite_eq_right` instead
warning: Ptx/SharedVector.lean:383:25: `if_neg` has been deprecated: Use `ite_eq_right` instead
warning: Ptx/SharedVector.lean:407:10: `if_neg` has been deprecated: Use `ite_eq_right` instead
✔ [28/38] Built Ptx.SharedVectorExamples (494ms)
✔ [29/38] Built Ptx.ScalarText (17s)
✔ [30/38] Built Ptx.ScalarExamples (714ms)
✔ [31/38] Built Ptx.IntegerMinMax (711ms)
✔ [32/38] Built Ptx.IntegerBitCount (849ms)
✔ [33/38] Built Ptx.ComputedPublicationMachine (1.0s)
✔ [34/38] Built Ptx.ComputedPublication (950ms)
✔ [35/38] Built Ptx.SharedVectorMemory (16s)
✔ [36/38] Built Ptx.ComputedPublicationWitness (14s)
✔ [37/38] Built Ptx (344ms)
Build completed successfully (38 jobs).
